exports[`test main.js 1`] = `
"// @flow
var React = require('react');
(<fbt />: React.Element<*>);
(<fbt />: number); // Error: ReactElement ~> number
~~~~~~~~~~~~~~~~~~~~~~~~~~~~~~~~~~~~~~~~~~~~~~~~~~~~~~~~~~~~~~~~~~~~~~~~~~~~~~~~
// @flow
// Error: ReactElement ~> number
var React = require("react");
(<fbt/>: React.Element<*>);
(<fbt/>: number);
"
`;
