exports[`test fs.js 1`] = `
"var fs = require(\"fs\");

/* readFile */

fs.readFile(\"file.exp\", (_, data) => {
  (data : Buffer);
});

fs.readFile(\"file.exp\", \"blah\", (_, data) => {
  (data : string);
});

fs.readFile(\"file.exp\", { encoding: \"blah\" }, (_, data) => {
  (data : string);
});

fs.readFile(\"file.exp\", {}, (_, data) => {
  (data : Buffer);
});

/* readFileSync */

(fs.readFileSync(\"file.exp\") : Buffer);
(fs.readFileSync(\"file.exp\") : string); // error

(fs.readFileSync(\"file.exp\", \"blah\") : string);
(fs.readFileSync(\"file.exp\", \"blah\") : Buffer); // error

(fs.readFileSync(\"file.exp\", { encoding: \"blah\" }) : string);
(fs.readFileSync(\"file.exp\", { encoding: \"blah\" }) : Buffer); // error

(fs.readFileSync(\"file.exp\", {}) : Buffer);
(fs.readFileSync(\"file.exp\", {}) : string); // error
~~~~~~~~~~~~~~~~~~~~~~~~~~~~~~~~~~~~~~~~~~~~~~~~~~~~~~~~~~~~~~~~~~~~~~~~~~~~~~~~
/* readFile */
/* readFileSync */
// error
// error
// error
// error
var fs = require(\"fs\");

fs.readFile(
  \"file.exp\",
  (_, data) => {
    (data: Buffer);
  }
);

fs.readFile(
  \"file.exp\",
  \"blah\",
  (_, data) => {
    (data: string);
  }
);

fs.readFile(
  \"file.exp\",
  { encoding: \"blah\" },
  (_, data) => {
    (data: string);
  }
);

fs.readFile(
  \"file.exp\",
  {},
  (_, data) => {
    (data: Buffer);
  }
);

(fs.readFileSync(\"file.exp\"): Buffer);

(fs.readFileSync(\"file.exp\"): string);

(fs.readFileSync(\"file.exp\", \"blah\"): string);

(fs.readFileSync(\"file.exp\", \"blah\"): Buffer);

(fs.readFileSync(\"file.exp\", { encoding: \"blah\" }): string);

(fs.readFileSync(\"file.exp\", { encoding: \"blah\" }): Buffer);

(fs.readFileSync(\"file.exp\", {}): Buffer);

(fs.readFileSync(\"file.exp\", {}): string);
"
`;
