exports[`test A.js 1`] = `
"// $FlowFixMe
var test1: string = 123; // This error should be suppressed

// $FlowIssue
var test2: string = 123; // This error should be suppressed

function getNum() {
  return 123;
}

// $FlowFixMe This was the second loc in the error
var test3: string = getNum(); // This error should be suppressed

// $FlowFixMe Error unused suppression

var test4: string = 123; // This error is NOT suppressed

                         // $FlowFixMe Indentation shouldn't matter
var test5: string = 123; // This error should be suppressed

/*
 * $FlowNewLine
 */
var test6: string = 123;
~~~~~~~~~~~~~~~~~~~~~~~~~~~~~~~~~~~~~~~~~~~~~~~~~~~~~~~~~~~~~~~~~~~~~~~~~~~~~~~~
// $FlowFixMe
// This error should be suppressed
// $FlowIssue
// This error should be suppressed
// $FlowFixMe This was the second loc in the error
// This error should be suppressed
// $FlowFixMe Error unused suppression
// This error is NOT suppressed
// $FlowFixMe Indentation shouldn't matter
// This error should be suppressed
/*
 * $FlowNewLine
 */
var test1: string = 123;
var test2: string = 123;
function getNum() {
  return 123;
}
var test3: string = getNum();
var test4: string = 123;
var test5: string = 123;
var test6: string = 123;
"
`;

exports[`test B.js 1`] = `
"// $FlowFixMe
var test1: string = library_num;
~~~~~~~~~~~~~~~~~~~~~~~~~~~~~~~~~~~~~~~~~~~~~~~~~~~~~~~~~~~~~~~~~~~~~~~~~~~~~~~~
// $FlowFixMe
var test1: string = library_num;
"
`;

exports[`test C.js 1`] = `
"function takesAString(x: string): void {}

function runTest(y: number): void {
  takesAString(
    /* $FlowFixMe - suppressing the error op location should also work */
    y,
  );
}
~~~~~~~~~~~~~~~~~~~~~~~~~~~~~~~~~~~~~~~~~~~~~~~~~~~~~~~~~~~~~~~~~~~~~~~~~~~~~~~~
/* $FlowFixMe - suppressing the error op location should also work */
function takesAString(x: string): void {
  
}
function runTest(y: number): void {
  takesAString(y);
}
"
`;

exports[`test lib.js 1`] = `
"declare var library_num: number;
~~~~~~~~~~~~~~~~~~~~~~~~~~~~~~~~~~~~~~~~~~~~~~~~~~~~~~~~~~~~~~~~~~~~~~~~~~~~~~~~
declare var library_num: number;
"
`;
