exports[`test import_declare_type.js 1`] = `
"/**
 * @flow
 */

////////////////////////////////////////////////////////////
// == Import Declared Type Alias From Declared Module == //
//////////////////////////////////////////////////////////
import type {baz} from "ModuleAliasFoo";
import {foo} from "ModuleAliasFoo";
var k1: baz = 42;
var k2: baz = "shab"; // Error: string to int
var k3: toz = foo(k1); // works

import type {toz} from "ModuleAliasFoo";
var k4: toz = foo(k1); // works

//////////////////////////////////////////////////////////
// == Declared Module with exports prop (issue 880) == //
////////////////////////////////////////////////////////

import blah from 'foo';
import type { Foo, Bar, Id } from 'foo';

blah(0, 0);

({toz:3} : Foo); // error : {toz : number} ~> string

(3 : Bar); // error : number ~> A

("lol" : Id<number>); // error : string ~> number
~~~~~~~~~~~~~~~~~~~~~~~~~~~~~~~~~~~~~~~~~~~~~~~~~~~~~~~~~~~~~~~~~~~~~~~~~~~~~~~~
/**
 * @flow
 */
////////////////////////////////////////////////////////////
// == Import Declared Type Alias From Declared Module == //
//////////////////////////////////////////////////////////
// Error: string to int
// works
// works
//////////////////////////////////////////////////////////
// == Declared Module with exports prop (issue 880) == //
////////////////////////////////////////////////////////
// error : {toz : number} ~> string
// error : number ~> A
// error : string ~> number
import type { baz } from "ModuleAliasFoo";
import { foo } from "ModuleAliasFoo";
var k1: baz = [object Number];
var k2: baz = "shab";
var k3: toz = foo(k1);
import type { toz } from "ModuleAliasFoo";
var k4: toz = foo(k1);
import blah from "foo";
import type { Foo, Bar, Id } from "foo";
blah([object Number], [object Number]);
({ toz: [object Number] }: Foo);
([object Number]: Bar);
("lol": Id<number>);
"
`;
