exports[`test symbol.js 1`] = `
"var FOO = Symbol();
var BAR = Symbol(\'bar\');

// TODO: Expected error
var WAT = Symbol(\'foo\', \'bar\');
~~~~~~~~~~~~~~~~~~~~~~~~~~~~~~~~~~~~~~~~~~~~~~~~~~~~~~~~~~~~~~~~~~~~~~~~~~~~~~~~
// TODO: Expected error
var FOO = Symbol();
var BAR = Symbol(\"bar\");
var WAT = Symbol(\"foo\", \"bar\");
"
`;
