exports[`test B.js 1`] = `
"// @flow
var A = require (\'./A\');
//import type C from \'./C\';

export type B = string;
~~~~~~~~~~~~~~~~~~~~~~~~~~~~~~~~~~~~~~~~~~~~~~~~~~~~~~~~~~~~~~~~~~~~~~~~~~~~~~~~
// @flow
//import type C from \'./C\';
var A = require(\"./A\");
export type B = string;
"
`;
