exports[`test main.js 1`] = `
"// @flow

(<fbt />: number);
(<fbt />: string); // Error (the libdef in this test marks fbt as number)
~~~~~~~~~~~~~~~~~~~~~~~~~~~~~~~~~~~~~~~~~~~~~~~~~~~~~~~~~~~~~~~~~~~~~~~~~~~~~~~~
// @flow
// Error (the libdef in this test marks fbt as number)
(<fbt/>: number);
(<fbt/>: string);
"
`;
