exports[`test test.js 1`] = `
"/* @flow */

import foo from \"foo\";

(foo.bar : string); // error number ~> string
~~~~~~~~~~~~~~~~~~~~~~~~~~~~~~~~~~~~~~~~~~~~~~~~~~~~~~~~~~~~~~~~~~~~~~~~~~~~~~~~
/* @flow */
// error number ~> string
import foo from \"foo\";

(foo.bar: string);
"
`;
