exports[`test test.js 1`] = `
"// @flow

(123: string);
~~~~~~~~~~~~~~~~~~~~~~~~~~~~~~~~~~~~~~~~~~~~~~~~~~~~~~~~~~~~~~~~~~~~~~~~~~~~~~~~
// @flow
([object Number]: string);
"
`;
