exports[`test equals.js 1`] = `
"/* @flow */

(1 == 1);
("foo" == "bar");
(1 == null);
(null == 1);
(1 == ""); // error
("" == 1); // error

var x = (null : ?number);
(x == 1);
(1 == x);
~~~~~~~~~~~~~~~~~~~~~~~~~~~~~~~~~~~~~~~~~~~~~~~~~~~~~~~~~~~~~~~~~~~~~~~~~~~~~~~~
/* @flow */
// error
// error
[object Number] == [object Number];
"foo" == "bar";
[object Number] == [object Null];
[object Null] == [object Number];
[object Number] == "";
"" == [object Number];
var x = ([object Null]: ?number);
x == [object Number];
[object Number] == x;
"
`;
