exports[`test main.js 1`] = `
"// @flow

import {test} from \'testmodule\';

var a: number = test;
var b: string = test; // Error: number ~> string
~~~~~~~~~~~~~~~~~~~~~~~~~~~~~~~~~~~~~~~~~~~~~~~~~~~~~~~~~~~~~~~~~~~~~~~~~~~~~~~~
// @flow
// Error: number ~> string
import { test } from \"testmodule\";
var a: number = test;
var b: string = test;
"
`;
