exports[`test regexp.js 1`] = `
"var patt=/Hello/g
var match:number = patt.test("Hello world!");
~~~~~~~~~~~~~~~~~~~~~~~~~~~~~~~~~~~~~~~~~~~~~~~~~~~~~~~~~~~~~~~~~~~~~~~~~~~~~~~~
var patt = [object RegExp];
var match: number = patt.test("Hello world!");
"
`;
