exports[`test req.js 1`] = `
"module.exports = 0;
~~~~~~~~~~~~~~~~~~~~~~~~~~~~~~~~~~~~~~~~~~~~~~~~~~~~~~~~~~~~~~~~~~~~~~~~~~~~~~~~
module.exports = [object Number];
"
`;

exports[`test test.js 1`] = `
"var x = require('./req');
(x: string);

import x from './req';
~~~~~~~~~~~~~~~~~~~~~~~~~~~~~~~~~~~~~~~~~~~~~~~~~~~~~~~~~~~~~~~~~~~~~~~~~~~~~~~~
var x = require("./req");
(x: string);
import x from "./req";
"
`;
