exports[`test bar.js 1`] = `
"module.exports = "bar";
~~~~~~~~~~~~~~~~~~~~~~~~~~~~~~~~~~~~~~~~~~~~~~~~~~~~~~~~~~~~~~~~~~~~~~~~~~~~~~~~
module.exports = "bar";
"
`;

exports[`test foo.js 1`] = `
"var x = require('./bar'); // bar.js does not work
console.log(x);
~~~~~~~~~~~~~~~~~~~~~~~~~~~~~~~~~~~~~~~~~~~~~~~~~~~~~~~~~~~~~~~~~~~~~~~~~~~~~~~~
// bar.js does not work
var x = require("./bar");
console.log(x);
"
`;
