exports[`test baz.js 1`] = `
"/* @flow */

var x: number = \"not a number\" // Error string ~> number
~~~~~~~~~~~~~~~~~~~~~~~~~~~~~~~~~~~~~~~~~~~~~~~~~~~~~~~~~~~~~~~~~~~~~~~~~~~~~~~~
/* @flow */
// Error string ~> number
var x: number = \"not a number\";
"
`;
