exports[`test foo.js 1`] = `
"/* @flow */

var x: number = \"string\"; // Error string ~> number
~~~~~~~~~~~~~~~~~~~~~~~~~~~~~~~~~~~~~~~~~~~~~~~~~~~~~~~~~~~~~~~~~~~~~~~~~~~~~~~~
/* @flow */
// Error string ~> number
var x: number = \"string\";
"
`;
