exports[`test test.js 1`] = `
"/* @flow */

export * as foo from "./test";
~~~~~~~~~~~~~~~~~~~~~~~~~~~~~~~~~~~~~~~~~~~~~~~~~~~~~~~~~~~~~~~~~~~~~~~~~~~~~~~~
/* @flow */
export * from "from"
from;
"./test";
"
`;
