exports[`test while.js 1`] = `
"var x = 1;
while(typeof x == "number" || typeof x == "string") {
    x = x + 1;
    if (true) x = "";
}
var z:number = x;
~~~~~~~~~~~~~~~~~~~~~~~~~~~~~~~~~~~~~~~~~~~~~~~~~~~~~~~~~~~~~~~~~~~~~~~~~~~~~~~~
var x = [object Number];
while (typeof x == "number" || typeof x == "string") {
  x = x + [object Number];
  if ([object Boolean])
    x = "";
}
var z: number = x;
"
`;
