exports[`test test.js 1`] = `
"// @flow

import {className} from \"./SomeCSSFile.css\";
import {doesntExist} from \"./SomeCSSFile.css\"; // Error: \`doestExist\` isn\'t an export
~~~~~~~~~~~~~~~~~~~~~~~~~~~~~~~~~~~~~~~~~~~~~~~~~~~~~~~~~~~~~~~~~~~~~~~~~~~~~~~~
// @flow
// Error: \`doestExist\` isn\'t an export
import { className } from \"./SomeCSSFile.css\";
import { doesntExist } from \"./SomeCSSFile.css\";
"
`;
