exports[`test a1.js 1`] = `
"// @flow

function foo(x: number): number { return 5; }

foo(0);

module.exports = foo;
~~~~~~~~~~~~~~~~~~~~~~~~~~~~~~~~~~~~~~~~~~~~~~~~~~~~~~~~~~~~~~~~~~~~~~~~~~~~~~~~
// @flow
function foo(x: number): number {
  return [object Number];
}
foo([object Number]);
module.exports = foo;
"
`;
